// Bun Snapshot v1, https://bun.sh/docs/test/snapshots

exports[`parsePages() 中古一覧 (/used/punk/new_release) 最初の3件 (snapshot) 1`] = `
[
  {
    "artist": "DESMOND DEKKER / デスモンド・デッカー",
    "cheapestItemPrice": "1,900円(税込)",
    "cheapestItemStatus": "B",
    "crawledAt": 2112-07-02T15:00:00.000Z,
    "discountRatePercentage": undefined,
    "genre": "レゲエ",
    "isDiscountedPrice": false,
    "itemId": "1001069336",
    "itemPageUrl": "https://base-url.example/used/detail/1001069336",
    "labelName": "TROJAN",
    "media": "LP(レコード)",
    "productTitle": "ORIGINAL REGGAE HITSOUND OF",
  },
  {
    "artist": "T字路s",
    "cheapestItemPrice": "3,850円(税込)",
    "cheapestItemStatus": "B",
    "crawledAt": 2112-07-02T15:00:00.000Z,
    "discountRatePercentage": undefined,
    "genre": "パンク",
    "isDiscountedPrice": false,
    "itemId": "1007884225",
    "itemPageUrl": "https://base-url.example/used/detail/1007884225",
    "labelName": "felicity",
    "media": "LP(レコード)",
    "productTitle": "PIT VIPER BLUES",
  },
  {
    "artist": "T字路s",
    "cheapestItemPrice": "1,500円(税込)",
    "cheapestItemStatus": "B",
    "crawledAt": 2112-07-02T15:00:00.000Z,
    "discountRatePercentage": undefined,
    "genre": "パンク",
    "isDiscountedPrice": false,
    "itemId": "1008015784",
    "itemPageUrl": "https://base-url.example/used/detail/1008015784",
    "labelName": "felicity",
    "media": "7"(レコード)",
    "productTitle": "PIT VIPER BLUES EP",
  },
]
`;

exports[`parsePages() アウトレット一覧 (/punk/outlet) 最初の3件 (snapshot) 1`] = `
[
  {
    "artist": "RATTUS / ラッタス",
    "cheapestItemPrice": "3,950円(税込)",
    "cheapestItemStatus": "S",
    "crawledAt": 2112-07-02T15:00:00.000Z,
    "discountRatePercentage": "30",
    "genre": "パンク",
    "isDiscountedPrice": true,
    "itemId": "1009214433",
    "itemPageUrl": "https://diskunion.net/detail/1009214433",
    "labelName": "SVART RECORDS",
    "media": "LP(レコード)",
    "productTitle": "USKONTO ON VAARA (LP/COLOR VINYL)",
  },
  {
    "artist": "INCREDIBLE KIDDA BAND / インクレディブルキッダバンド",
    "cheapestItemPrice": "2,050円(税込)",
    "cheapestItemStatus": "A",
    "crawledAt": 2112-07-02T15:00:00.000Z,
    "discountRatePercentage": "20",
    "genre": "パンク",
    "isDiscountedPrice": true,
    "itemId": "1009147374",
    "itemPageUrl": "https://diskunion.net/detail/1009147374",
    "labelName": "BACHELOR",
    "media": "7"(レコード)",
    "productTitle": "I'M GONNA JOIN THE ARMY NOW (7")",
  },
  {
    "artist": "MADNESS / マッドネス",
    "cheapestItemPrice": "4,200円(税込)",
    "cheapestItemStatus": "アウトレット",
    "crawledAt": 2112-07-02T15:00:00.000Z,
    "discountRatePercentage": "58",
    "genre": "パンク",
    "isDiscountedPrice": true,
    "itemId": "1009127567",
    "itemPageUrl": "https://diskunion.net/detail/1009127567",
    "labelName": "THE STATE51 CONSPIRACY",
    "media": "LP(レコード)",
    "productTitle": "HIT PARADE (LP) / HIT PARADE (LP)",
  },
]
`;
